[31mfailed to load config from C:\Users\deanf\Downloads\Care Centres\DocuSync\apps\web\vite.config.ts[39m
[31merror when starting dev server:
Error: Build failed with 1 error:

[plugin externalize-deps]
Error: spawn EPERM
    at ChildProcess.spawn (node:internal/child_process:421:11)
    at spawn (node:child_process:796:9)
    at Object.execFile (node:child_process:349:17)
    at exec (node:child_process:236:25)
    at optimizeSafeRealPathSync (file:///C:/Users/deanf/Downloads/Care%20Centres/DocuSync/node_modules/vite/dist/node/chunks/node.js:2483:2)
    at windowsSafeRealPathSync (file:///C:/Users/deanf/Downloads/Care%20Centres/DocuSync/node_modules/vite/dist/node/chunks/node.js:2469:3)
    at getRealPath (file:///C:/Users/deanf/Downloads/Care%20Centres/DocuSync/node_modules/vite/dist/node/chunks/node.js:32509:36)
    at tryResolveRealFileOrType (file:///C:/Users/deanf/Downloads/Care%20Centres/DocuSync/node_modules/vite/dist/node/chunks/node.js:32503:9)
    at tryCleanFsResolve (file:///C:/Users/deanf/Downloads/Care%20Centres/DocuSync/node_modules/vite/dist/node/chunks/node.js:32252:21)
    at tryFsResolve (file:///C:/Users/deanf/Downloads/Care%20Centres/DocuSync/node_modules/vite/dist/node/chunks/node.js:32245:14)
    at aggregateBindingErrorsIntoJsError (file:///C:/Users/deanf/Downloads/Care%20Centres/DocuSync/node_modules/rolldown/dist/shared/error-BHRSI0R7.mjs:48:18)
    at unwrapBindingResult (file:///C:/Users/deanf/Downloads/Care%20Centres/DocuSync/node_modules/rolldown/dist/shared/error-BHRSI0R7.mjs:18:128)
    at #build (file:///C:/Users/deanf/Downloads/Care%20Centres/DocuSync/node_modules/rolldown/dist/shared/rolldown-build-CtPvmZgJ.mjs:3276:34)
    at async bundleConfigFile (file:///C:/Users/deanf/Downloads/Care%20Centres/DocuSync/node_modules/vite/dist/node/chunks/node.js:36132:17)
    at async bundleAndLoadConfigFile (file:///C:/Users/deanf/Downloads/Care%20Centres/DocuSync/node_modules/vite/dist/node/chunks/node.js:36040:18)
    at async loadConfigFromFile (file:///C:/Users/deanf/Downloads/Care%20Centres/DocuSync/node_modules/vite/dist/node/chunks/node.js:36001:42)
    at async resolveConfig (file:///C:/Users/deanf/Downloads/Care%20Centres/DocuSync/node_modules/vite/dist/node/chunks/node.js:35617:22)
    at async _createServer (file:///C:/Users/deanf/Downloads/Care%20Centres/DocuSync/node_modules/vite/dist/node/chunks/node.js:25777:65)
    at async CAC.<anonymous> (file:///C:/Users/deanf/Downloads/Care%20Centres/DocuSync/node_modules/vite/dist/node/cli.js:708:18) {
  errors: [Getter/Setter]
}[39m
npm error Lifecycle script `dev` failed with error:
npm error code 1
npm error path C:\Users\deanf\Downloads\Care Centres\DocuSync\apps\web
npm error workspace documentsync-web@1.0.0
npm error location C:\Users\deanf\Downloads\Care Centres\DocuSync\apps\web
npm error command failed
npm error command C:\WINDOWS\system32\cmd.exe /d /s /c vite --host 127.0.0.1
